// Jest Snapshot v1, https://goo.gl/fbAQLP

exports[`Testing al cliente Es Miguel 1`] = `
Object {
  "balance": 500,
  "nombre": "Miguel Angel",
  "tipo": "Premium",
}
`;
